// Jest Snapshot v1, https://goo.gl/fbAQLP

exports[`renders correctly 1`] = `
<a
  className="flex"
  href="/movie/675353"
  onClick={[Function]}
>
  <img
    alt="Sonic the Hedgehog 2"
    className="w-full"
    src="https://image.tmdb.org/t/p/w185//egoyMDLqCxzjnSrWOz50uLlJWmD.jpg"
  />
</a>
`;
